CRITICAL - 2026-09-19 06:17:34 --> Error: Class "App\Controllers\UsersModel" not found
[Method: GET, Route: users]
in APPPATH\Controllers\Users.php on line 9.
 1 SYSTEMPATH\CodeIgniter.php(974): App\Controllers\Users->index()
 2 SYSTEMPATH\CodeIgniter.php(520): CodeIgniter\CodeIgniter->runController(Object(App\Controllers\Users))
 3 SYSTEMPATH\CodeIgniter.php(363): CodeIgniter\CodeIgniter->handleRequest(null, Object(Config\Cache), false)
 4 SYSTEMPATH\Boot.php(417): CodeIgniter\CodeIgniter->run()
 5 SYSTEMPATH\Boot.php(68): CodeIgniter\Boot::runCodeIgniter(Object(CodeIgniter\CodeIgniter))
 6 FCPATH\index.php(59): CodeIgniter\Boot::bootWeb(Object(Config\Paths))
 7 SYSTEMPATH\rewrite.php(44): require_once('C:\\Users\\jeborines\\Documents\\GitHub\\JC-Repo-TSA1\\TSA1\\public\\index.php')
CRITICAL - 2026-09-19 06:21:18 --> Error: Class "App\Controllers\UsersModel" not found
[Method: GET, Route: users]
in APPPATH\Controllers\Users.php on line 9.
 1 SYSTEMPATH\CodeIgniter.php(974): App\Controllers\Users->index()
 2 SYSTEMPATH\CodeIgniter.php(520): CodeIgniter\CodeIgniter->runController(Object(App\Controllers\Users))
 3 SYSTEMPATH\CodeIgniter.php(363): CodeIgniter\CodeIgniter->handleRequest(null, Object(Config\Cache), false)
 4 SYSTEMPATH\Boot.php(417): CodeIgniter\CodeIgniter->run()
 5 SYSTEMPATH\Boot.php(68): CodeIgniter\Boot::runCodeIgniter(Object(CodeIgniter\CodeIgniter))
 6 FCPATH\index.php(59): CodeIgniter\Boot::bootWeb(Object(Config\Paths))
 7 SYSTEMPATH\rewrite.php(44): require_once('C:\\Users\\jeborines\\Documents\\GitHub\\JC-Repo-TSA1\\TSA1\\public\\index.php')
CRITICAL - 2026-09-19 06:22:21 --> Error: Class "App\Controllers\UsersModel" not found
[Method: GET, Route: users]
in APPPATH\Controllers\Users.php on line 9.
 1 SYSTEMPATH\CodeIgniter.php(974): App\Controllers\Users->index()
 2 SYSTEMPATH\CodeIgniter.php(520): CodeIgniter\CodeIgniter->runController(Object(App\Controllers\Users))
 3 SYSTEMPATH\CodeIgniter.php(363): CodeIgniter\CodeIgniter->handleRequest(null, Object(Config\Cache), false)
 4 SYSTEMPATH\Boot.php(417): CodeIgniter\CodeIgniter->run()
 5 SYSTEMPATH\Boot.php(68): CodeIgniter\Boot::runCodeIgniter(Object(CodeIgniter\CodeIgniter))
 6 FCPATH\index.php(59): CodeIgniter\Boot::bootWeb(Object(Config\Paths))
 7 SYSTEMPATH\rewrite.php(44): require_once('C:\\Users\\jeborines\\Documents\\GitHub\\JC-Repo-TSA1\\TSA1\\public\\index.php')
CRITICAL - 2026-09-19 06:22:22 --> Error: Class "App\Controllers\UsersModel" not found
[Method: GET, Route: users]
in APPPATH\Controllers\Users.php on line 9.
 1 SYSTEMPATH\CodeIgniter.php(974): App\Controllers\Users->index()
 2 SYSTEMPATH\CodeIgniter.php(520): CodeIgniter\CodeIgniter->runController(Object(App\Controllers\Users))
 3 SYSTEMPATH\CodeIgniter.php(363): CodeIgniter\CodeIgniter->handleRequest(null, Object(Config\Cache), false)
 4 SYSTEMPATH\Boot.php(417): CodeIgniter\CodeIgniter->run()
 5 SYSTEMPATH\Boot.php(68): CodeIgniter\Boot::runCodeIgniter(Object(CodeIgniter\CodeIgniter))
 6 FCPATH\index.php(59): CodeIgniter\Boot::bootWeb(Object(Config\Paths))
 7 SYSTEMPATH\rewrite.php(44): require_once('C:\\Users\\jeborines\\Documents\\GitHub\\JC-Repo-TSA1\\TSA1\\public\\index.php')
CRITICAL - 2026-09-19 06:22:23 --> Error: Class "App\Controllers\UsersModel" not found
[Method: GET, Route: users]
in APPPATH\Controllers\Users.php on line 9.
 1 SYSTEMPATH\CodeIgniter.php(974): App\Controllers\Users->index()
 2 SYSTEMPATH\CodeIgniter.php(520): CodeIgniter\CodeIgniter->runController(Object(App\Controllers\Users))
 3 SYSTEMPATH\CodeIgniter.php(363): CodeIgniter\CodeIgniter->handleRequest(null, Object(Config\Cache), false)
 4 SYSTEMPATH\Boot.php(417): CodeIgniter\CodeIgniter->run()
 5 SYSTEMPATH\Boot.php(68): CodeIgniter\Boot::runCodeIgniter(Object(CodeIgniter\CodeIgniter))
 6 FCPATH\index.php(59): CodeIgniter\Boot::bootWeb(Object(Config\Paths))
 7 SYSTEMPATH\rewrite.php(44): require_once('C:\\Users\\jeborines\\Documents\\GitHub\\JC-Repo-TSA1\\TSA1\\public\\index.php')
CRITICAL - 2026-09-19 06:22:23 --> Error: Class "App\Controllers\UsersModel" not found
[Method: GET, Route: users]
in APPPATH\Controllers\Users.php on line 9.
 1 SYSTEMPATH\CodeIgniter.php(974): App\Controllers\Users->index()
 2 SYSTEMPATH\CodeIgniter.php(520): CodeIgniter\CodeIgniter->runController(Object(App\Controllers\Users))
 3 SYSTEMPATH\CodeIgniter.php(363): CodeIgniter\CodeIgniter->handleRequest(null, Object(Config\Cache), false)
 4 SYSTEMPATH\Boot.php(417): CodeIgniter\CodeIgniter->run()
 5 SYSTEMPATH\Boot.php(68): CodeIgniter\Boot::runCodeIgniter(Object(CodeIgniter\CodeIgniter))
 6 FCPATH\index.php(59): CodeIgniter\Boot::bootWeb(Object(Config\Paths))
 7 SYSTEMPATH\rewrite.php(44): require_once('C:\\Users\\jeborines\\Documents\\GitHub\\JC-Repo-TSA1\\TSA1\\public\\index.php')
CRITICAL - 2026-09-19 06:22:24 --> Error: Class "App\Controllers\UsersModel" not found
[Method: GET, Route: users]
in APPPATH\Controllers\Users.php on line 9.
 1 SYSTEMPATH\CodeIgniter.php(974): App\Controllers\Users->index()
 2 SYSTEMPATH\CodeIgniter.php(520): CodeIgniter\CodeIgniter->runController(Object(App\Controllers\Users))
 3 SYSTEMPATH\CodeIgniter.php(363): CodeIgniter\CodeIgniter->handleRequest(null, Object(Config\Cache), false)
 4 SYSTEMPATH\Boot.php(417): CodeIgniter\CodeIgniter->run()
 5 SYSTEMPATH\Boot.php(68): CodeIgniter\Boot::runCodeIgniter(Object(CodeIgniter\CodeIgniter))
 6 FCPATH\index.php(59): CodeIgniter\Boot::bootWeb(Object(Config\Paths))
 7 SYSTEMPATH\rewrite.php(44): require_once('C:\\Users\\jeborines\\Documents\\GitHub\\JC-Repo-TSA1\\TSA1\\public\\index.php')
CRITICAL - 2026-09-19 06:25:37 --> CodeIgniter\View\Exceptions\ViewException: Invalid file: "about.php"
[Method: GET, Route: about]
in SYSTEMPATH\Exceptions\FrameworkException.php on line 39.
 1 SYSTEMPATH\View\View.php(228): CodeIgniter\Exceptions\FrameworkException::forInvalidFile('about.php')
 2 SYSTEMPATH\Common.php(1268): CodeIgniter\View\View->render('about', [], true)
 3 APPPATH\Controllers\Pages.php(14): view('about')
 4 SYSTEMPATH\CodeIgniter.php(974): App\Controllers\Pages->about()
 5 SYSTEMPATH\CodeIgniter.php(520): CodeIgniter\CodeIgniter->runController(Object(App\Controllers\Pages))
 6 SYSTEMPATH\CodeIgniter.php(363): CodeIgniter\CodeIgniter->handleRequest(null, Object(Config\Cache), false)
 7 SYSTEMPATH\Boot.php(417): CodeIgniter\CodeIgniter->run()
 8 SYSTEMPATH\Boot.php(68): CodeIgniter\Boot::runCodeIgniter(Object(CodeIgniter\CodeIgniter))
 9 FCPATH\index.php(59): CodeIgniter\Boot::bootWeb(Object(Config\Paths))
10 SYSTEMPATH\rewrite.php(44): require_once('C:\\Users\\jeborines\\Documents\\GitHub\\JC-Repo-TSA1\\TSA1\\public\\index.php')
CRITICAL - 2026-09-19 06:26:03 --> Error: Class "App\Controllers\UsersModel" not found
[Method: GET, Route: users]
in APPPATH\Controllers\Users.php on line 9.
 1 SYSTEMPATH\CodeIgniter.php(974): App\Controllers\Users->index()
 2 SYSTEMPATH\CodeIgniter.php(520): CodeIgniter\CodeIgniter->runController(Object(App\Controllers\Users))
 3 SYSTEMPATH\CodeIgniter.php(363): CodeIgniter\CodeIgniter->handleRequest(null, Object(Config\Cache), false)
 4 SYSTEMPATH\Boot.php(417): CodeIgniter\CodeIgniter->run()
 5 SYSTEMPATH\Boot.php(68): CodeIgniter\Boot::runCodeIgniter(Object(CodeIgniter\CodeIgniter))
 6 FCPATH\index.php(59): CodeIgniter\Boot::bootWeb(Object(Config\Paths))
 7 SYSTEMPATH\rewrite.php(44): require_once('C:\\Users\\jeborines\\Documents\\GitHub\\JC-Repo-TSA1\\TSA1\\public\\index.php')
CRITICAL - 2026-09-19 06:26:32 --> Error: Class "App\Controllers\TasksModel" not found
[Method: GET, Route: tasks]
in APPPATH\Controllers\Tasks.php on line 9.
 1 SYSTEMPATH\CodeIgniter.php(974): App\Controllers\Tasks->index()
 2 SYSTEMPATH\CodeIgniter.php(520): CodeIgniter\CodeIgniter->runController(Object(App\Controllers\Tasks))
 3 SYSTEMPATH\CodeIgniter.php(363): CodeIgniter\CodeIgniter->handleRequest(null, Object(Config\Cache), false)
 4 SYSTEMPATH\Boot.php(417): CodeIgniter\CodeIgniter->run()
 5 SYSTEMPATH\Boot.php(68): CodeIgniter\Boot::runCodeIgniter(Object(CodeIgniter\CodeIgniter))
 6 FCPATH\index.php(59): CodeIgniter\Boot::bootWeb(Object(Config\Paths))
 7 SYSTEMPATH\rewrite.php(44): require_once('C:\\Users\\jeborines\\Documents\\GitHub\\JC-Repo-TSA1\\TSA1\\public\\index.php')
CRITICAL - 2026-09-19 06:29:24 --> Error: Class "App\Controllers\TasksModel" not found
[Method: GET, Route: tasks]
in APPPATH\Controllers\Tasks.php on line 9.
 1 SYSTEMPATH\CodeIgniter.php(974): App\Controllers\Tasks->index()
 2 SYSTEMPATH\CodeIgniter.php(520): CodeIgniter\CodeIgniter->runController(Object(App\Controllers\Tasks))
 3 SYSTEMPATH\CodeIgniter.php(363): CodeIgniter\CodeIgniter->handleRequest(null, Object(Config\Cache), false)
 4 SYSTEMPATH\Boot.php(417): CodeIgniter\CodeIgniter->run()
 5 SYSTEMPATH\Boot.php(68): CodeIgniter\Boot::runCodeIgniter(Object(CodeIgniter\CodeIgniter))
 6 FCPATH\index.php(59): CodeIgniter\Boot::bootWeb(Object(Config\Paths))
 7 SYSTEMPATH\rewrite.php(44): require_once('C:\\Users\\jeborines\\Documents\\GitHub\\JC-Repo-TSA1\\TSA1\\public\\index.php')
CRITICAL - 2026-09-19 06:32:07 --> Error: Class "App\Controllers\TasksModel" not found
[Method: GET, Route: tasks]
in APPPATH\Controllers\Tasks.php on line 9.
 1 SYSTEMPATH\CodeIgniter.php(974): App\Controllers\Tasks->index()
 2 SYSTEMPATH\CodeIgniter.php(520): CodeIgniter\CodeIgniter->runController(Object(App\Controllers\Tasks))
 3 SYSTEMPATH\CodeIgniter.php(363): CodeIgniter\CodeIgniter->handleRequest(null, Object(Config\Cache), false)
 4 SYSTEMPATH\Boot.php(417): CodeIgniter\CodeIgniter->run()
 5 SYSTEMPATH\Boot.php(68): CodeIgniter\Boot::runCodeIgniter(Object(CodeIgniter\CodeIgniter))
 6 FCPATH\index.php(59): CodeIgniter\Boot::bootWeb(Object(Config\Paths))
 7 SYSTEMPATH\rewrite.php(44): require_once('C:\\Users\\jeborines\\Documents\\GitHub\\JC-Repo-TSA1\\TSA1\\public\\index.php')
CRITICAL - 2026-09-19 06:32:09 --> Error: Class "App\Controllers\UsersModel" not found
[Method: GET, Route: users]
in APPPATH\Controllers\Users.php on line 9.
 1 SYSTEMPATH\CodeIgniter.php(974): App\Controllers\Users->index()
 2 SYSTEMPATH\CodeIgniter.php(520): CodeIgniter\CodeIgniter->runController(Object(App\Controllers\Users))
 3 SYSTEMPATH\CodeIgniter.php(363): CodeIgniter\CodeIgniter->handleRequest(null, Object(Config\Cache), false)
 4 SYSTEMPATH\Boot.php(417): CodeIgniter\CodeIgniter->run()
 5 SYSTEMPATH\Boot.php(68): CodeIgniter\Boot::runCodeIgniter(Object(CodeIgniter\CodeIgniter))
 6 FCPATH\index.php(59): CodeIgniter\Boot::bootWeb(Object(Config\Paths))
 7 SYSTEMPATH\rewrite.php(44): require_once('C:\\Users\\jeborines\\Documents\\GitHub\\JC-Repo-TSA1\\TSA1\\public\\index.php')
CRITICAL - 2026-09-19 06:35:02 --> Error: Class "App\Controllers\TasksModel" not found
[Method: GET, Route: tasks]
in APPPATH\Controllers\Tasks.php on line 9.
 1 SYSTEMPATH\CodeIgniter.php(974): App\Controllers\Tasks->index()
 2 SYSTEMPATH\CodeIgniter.php(520): CodeIgniter\CodeIgniter->runController(Object(App\Controllers\Tasks))
 3 SYSTEMPATH\CodeIgniter.php(363): CodeIgniter\CodeIgniter->handleRequest(null, Object(Config\Cache), false)
 4 SYSTEMPATH\Boot.php(417): CodeIgniter\CodeIgniter->run()
 5 SYSTEMPATH\Boot.php(68): CodeIgniter\Boot::runCodeIgniter(Object(CodeIgniter\CodeIgniter))
 6 FCPATH\index.php(59): CodeIgniter\Boot::bootWeb(Object(Config\Paths))
 7 SYSTEMPATH\rewrite.php(44): require_once('C:\\Users\\jeborines\\Documents\\GitHub\\JC-Repo-TSA1\\TSA1\\public\\index.php')
ERROR - 2026-09-19 06:37:31 --> Error connecting to the database: mysqli_sql_exception: Unknown database 'task_db' in C:\Users\jeborines\Documents\GitHub\JC-Repo-TSA1\TSA1\system\Database\MySQLi\Connection.php:201
Stack trace:
#0 C:\Users\jeborines\Documents\GitHub\JC-Repo-TSA1\TSA1\system\Database\MySQLi\Connection.php(201): mysqli->real_connect('localhost', 'root', Object(SensitiveParameterValue), 'task_db', 3306, '', 0)
#1 C:\Users\jeborines\Documents\GitHub\JC-Repo-TSA1\TSA1\system\Database\BaseConnection.php(555): CodeIgniter\Database\MySQLi\Connection->connect(false)
#2 C:\Users\jeborines\Documents\GitHub\JC-Repo-TSA1\TSA1\system\Database\BaseConnection.php(795): CodeIgniter\Database\BaseConnection->initialize()
#3 C:\Users\jeborines\Documents\GitHub\JC-Repo-TSA1\TSA1\system\Database\BaseBuilder.php(1659): CodeIgniter\Database\BaseConnection->query('SELECT *\nFROM `...', Array, false)
#4 C:\Users\jeborines\Documents\GitHub\JC-Repo-TSA1\TSA1\system\Model.php(255): CodeIgniter\Database\BaseBuilder->get()
#5 C:\Users\jeborines\Documents\GitHub\JC-Repo-TSA1\TSA1\system\BaseModel.php(676): CodeIgniter\Model->doFindAll(0, 0)
#6 C:\Users\jeborines\Documents\GitHub\JC-Repo-TSA1\TSA1\app\Controllers\Tasks.php(12): CodeIgniter\BaseModel->findAll()
#7 C:\Users\jeborines\Documents\GitHub\JC-Repo-TSA1\TSA1\system\CodeIgniter.php(974): App\Controllers\Tasks->index()
#8 C:\Users\jeborines\Documents\GitHub\JC-Repo-TSA1\TSA1\system\CodeIgniter.php(520): CodeIgniter\CodeIgniter->runController(Object(App\Controllers\Tasks))
#9 C:\Users\jeborines\Documents\GitHub\JC-Repo-TSA1\TSA1\system\CodeIgniter.php(363): CodeIgniter\CodeIgniter->handleRequest(NULL, Object(Config\Cache), false)
#10 C:\Users\jeborines\Documents\GitHub\JC-Repo-TSA1\TSA1\system\Boot.php(417): CodeIgniter\CodeIgniter->run()
#11 C:\Users\jeborines\Documents\GitHub\JC-Repo-TSA1\TSA1\system\Boot.php(68): CodeIgniter\Boot::runCodeIgniter(Object(CodeIgniter\CodeIgniter))
#12 C:\Users\jeborines\Documents\GitHub\JC-Repo-TSA1\TSA1\public\index.php(59): CodeIgniter\Boot::bootWeb(Object(Config\Paths))
#13 C:\Users\jeborines\Documents\GitHub\JC-Repo-TSA1\TSA1\system\rewrite.php(44): require_once('C:\\Users\\jebori...')
#14 {main}

Next CodeIgniter\Database\Exceptions\DatabaseException: Unknown database 'task_db' in C:\Users\jeborines\Documents\GitHub\JC-Repo-TSA1\TSA1\system\Database\MySQLi\Connection.php:231
Stack trace:
#0 C:\Users\jeborines\Documents\GitHub\JC-Repo-TSA1\TSA1\system\Database\BaseConnection.php(555): CodeIgniter\Database\MySQLi\Connection->connect(false)
#1 C:\Users\jeborines\Documents\GitHub\JC-Repo-TSA1\TSA1\system\Database\BaseConnection.php(795): CodeIgniter\Database\BaseConnection->initialize()
#2 C:\Users\jeborines\Documents\GitHub\JC-Repo-TSA1\TSA1\system\Database\BaseBuilder.php(1659): CodeIgniter\Database\BaseConnection->query('SELECT *\nFROM `...', Array, false)
#3 C:\Users\jeborines\Documents\GitHub\JC-Repo-TSA1\TSA1\system\Model.php(255): CodeIgniter\Database\BaseBuilder->get()
#4 C:\Users\jeborines\Documents\GitHub\JC-Repo-TSA1\TSA1\system\BaseModel.php(676): CodeIgniter\Model->doFindAll(0, 0)
#5 C:\Users\jeborines\Documents\GitHub\JC-Repo-TSA1\TSA1\app\Controllers\Tasks.php(12): CodeIgniter\BaseModel->findAll()
#6 C:\Users\jeborines\Documents\GitHub\JC-Repo-TSA1\TSA1\system\CodeIgniter.php(974): App\Controllers\Tasks->index()
#7 C:\Users\jeborines\Documents\GitHub\JC-Repo-TSA1\TSA1\system\CodeIgniter.php(520): CodeIgniter\CodeIgniter->runController(Object(App\Controllers\Tasks))
#8 C:\Users\jeborines\Documents\GitHub\JC-Repo-TSA1\TSA1\system\CodeIgniter.php(363): CodeIgniter\CodeIgniter->handleRequest(NULL, Object(Config\Cache), false)
#9 C:\Users\jeborines\Documents\GitHub\JC-Repo-TSA1\TSA1\system\Boot.php(417): CodeIgniter\CodeIgniter->run()
#10 C:\Users\jeborines\Documents\GitHub\JC-Repo-TSA1\TSA1\system\Boot.php(68): CodeIgniter\Boot::runCodeIgniter(Object(CodeIgniter\CodeIgniter))
#11 C:\Users\jeborines\Documents\GitHub\JC-Repo-TSA1\TSA1\public\index.php(59): CodeIgniter\Boot::bootWeb(Object(Config\Paths))
#12 C:\Users\jeborines\Documents\GitHub\JC-Repo-TSA1\TSA1\system\rewrite.php(44): require_once('C:\\Users\\jebori...')
#13 {main}
CRITICAL - 2026-09-19 06:37:31 --> CodeIgniter\Database\Exceptions\DatabaseException: Unable to connect to the database.
Main connection [MySQLi]: Unknown database 'task_db'
[Method: GET, Route: tasks]
in SYSTEMPATH\Database\BaseConnection.php on line 606.
 1 SYSTEMPATH\Database\BaseConnection.php(795): CodeIgniter\Database\BaseConnection->initialize()
 2 SYSTEMPATH\Database\BaseBuilder.php(1659): CodeIgniter\Database\BaseConnection->query('SELECT *
FROM `tasks`', [], false)
 3 SYSTEMPATH\Model.php(255): CodeIgniter\Database\BaseBuilder->get()
 4 SYSTEMPATH\BaseModel.php(676): CodeIgniter\Model->doFindAll(0, 0)
 5 APPPATH\Controllers\Tasks.php(12): CodeIgniter\BaseModel->findAll()
 6 SYSTEMPATH\CodeIgniter.php(974): App\Controllers\Tasks->index()
 7 SYSTEMPATH\CodeIgniter.php(520): CodeIgniter\CodeIgniter->runController(Object(App\Controllers\Tasks))
 8 SYSTEMPATH\CodeIgniter.php(363): CodeIgniter\CodeIgniter->handleRequest(null, Object(Config\Cache), false)
 9 SYSTEMPATH\Boot.php(417): CodeIgniter\CodeIgniter->run()
10 SYSTEMPATH\Boot.php(68): CodeIgniter\Boot::runCodeIgniter(Object(CodeIgniter\CodeIgniter))
11 FCPATH\index.php(59): CodeIgniter\Boot::bootWeb(Object(Config\Paths))
12 SYSTEMPATH\rewrite.php(44): require_once('C:\\Users\\jeborines\\Documents\\GitHub\\JC-Repo-TSA1\\TSA1\\public\\index.php')
CRITICAL - 2026-09-19 06:38:31 --> CodeIgniter\View\Exceptions\ViewException: Invalid file: "tasks_lists.php"
[Method: GET, Route: tasks]
in SYSTEMPATH\Exceptions\FrameworkException.php on line 39.
 1 SYSTEMPATH\View\View.php(228): CodeIgniter\Exceptions\FrameworkException::forInvalidFile('tasks_lists.php')
 2 SYSTEMPATH\Common.php(1268): CodeIgniter\View\View->render('tasks_lists', [], true)
 3 APPPATH\Controllers\Tasks.php(13): view('tasks_lists', [...])
 4 SYSTEMPATH\CodeIgniter.php(974): App\Controllers\Tasks->index()
 5 SYSTEMPATH\CodeIgniter.php(520): CodeIgniter\CodeIgniter->runController(Object(App\Controllers\Tasks))
 6 SYSTEMPATH\CodeIgniter.php(363): CodeIgniter\CodeIgniter->handleRequest(null, Object(Config\Cache), false)
 7 SYSTEMPATH\Boot.php(417): CodeIgniter\CodeIgniter->run()
 8 SYSTEMPATH\Boot.php(68): CodeIgniter\Boot::runCodeIgniter(Object(CodeIgniter\CodeIgniter))
 9 FCPATH\index.php(59): CodeIgniter\Boot::bootWeb(Object(Config\Paths))
10 SYSTEMPATH\rewrite.php(44): require_once('C:\\Users\\jeborines\\Documents\\GitHub\\JC-Repo-TSA1\\TSA1\\public\\index.php')
CRITICAL - 2026-09-19 06:39:49 --> ErrorException: Undefined array key "name"
[Method: GET, Route: tasks]
in APPPATH\Views\tasks.php on line 12.
 1 APPPATH\Views\tasks.php(12): CodeIgniter\Debug\Exceptions->errorHandler(2, 'Undefined array key "name"', 'C:\\Users\\jeborines\\Documents\\GitHub\\JC-Repo-TSA1\\TSA1\\app\\Views\\tasks.php', 12)
 2 SYSTEMPATH\View\View.php(240): include('C:\\Users\\jeborines\\Documents\\GitHub\\JC-Repo-TSA1\\TSA1\\app\\Views\\tasks.php')
 3 SYSTEMPATH\View\View.php(243): CodeIgniter\View\View->CodeIgniter\View\{closure}()
 4 SYSTEMPATH\Common.php(1268): CodeIgniter\View\View->render('tasks', [], true)
 5 APPPATH\Controllers\Tasks.php(13): view('tasks', [...])
 6 SYSTEMPATH\CodeIgniter.php(974): App\Controllers\Tasks->index()
 7 SYSTEMPATH\CodeIgniter.php(520): CodeIgniter\CodeIgniter->runController(Object(App\Controllers\Tasks))
 8 SYSTEMPATH\CodeIgniter.php(363): CodeIgniter\CodeIgniter->handleRequest(null, Object(Config\Cache), false)
 9 SYSTEMPATH\Boot.php(417): CodeIgniter\CodeIgniter->run()
10 SYSTEMPATH\Boot.php(68): CodeIgniter\Boot::runCodeIgniter(Object(CodeIgniter\CodeIgniter))
11 FCPATH\index.php(59): CodeIgniter\Boot::bootWeb(Object(Config\Paths))
12 SYSTEMPATH\rewrite.php(44): require_once('C:\\Users\\jeborines\\Documents\\GitHub\\JC-Repo-TSA1\\TSA1\\public\\index.php')
CRITICAL - 2026-09-19 06:43:13 --> ErrorException: Undefined array key "name"
[Method: GET, Route: users]
in APPPATH\Views\users.php on line 37.
 1 APPPATH\Views\users.php(37): CodeIgniter\Debug\Exceptions->errorHandler(2, 'Undefined array key "name"', 'C:\\Users\\jeborines\\Documents\\GitHub\\JC-Repo-TSA1\\TSA1\\app\\Views\\users.php', 37)
 2 SYSTEMPATH\View\View.php(240): include('C:\\Users\\jeborines\\Documents\\GitHub\\JC-Repo-TSA1\\TSA1\\app\\Views\\users.php')
 3 SYSTEMPATH\View\View.php(243): CodeIgniter\View\View->CodeIgniter\View\{closure}()
 4 SYSTEMPATH\Common.php(1268): CodeIgniter\View\View->render('users', [], true)
 5 APPPATH\Controllers\Users.php(13): view('users', [...])
 6 SYSTEMPATH\CodeIgniter.php(974): App\Controllers\Users->index()
 7 SYSTEMPATH\CodeIgniter.php(520): CodeIgniter\CodeIgniter->runController(Object(App\Controllers\Users))
 8 SYSTEMPATH\CodeIgniter.php(363): CodeIgniter\CodeIgniter->handleRequest(null, Object(Config\Cache), false)
 9 SYSTEMPATH\Boot.php(417): CodeIgniter\CodeIgniter->run()
10 SYSTEMPATH\Boot.php(68): CodeIgniter\Boot::runCodeIgniter(Object(CodeIgniter\CodeIgniter))
11 FCPATH\index.php(59): CodeIgniter\Boot::bootWeb(Object(Config\Paths))
12 SYSTEMPATH\rewrite.php(44): require_once('C:\\Users\\jeborines\\Documents\\GitHub\\JC-Repo-TSA1\\TSA1\\public\\index.php')
CRITICAL - 2026-09-19 06:50:00 --> TypeError: view(): Argument #2 ($data) must be of type array, string given, called in C:\Users\jeborines\Documents\GitHub\JC-Repo-TSA1\TSA1\app\Controllers\Pages.php on line 13
[Method: GET, Route: /]
in SYSTEMPATH\Common.php on line 1256.
 1 APPPATH\Controllers\Pages.php(13): view('landing', 'tasks', [...])
 2 SYSTEMPATH\CodeIgniter.php(974): App\Controllers\Pages->index()
 3 SYSTEMPATH\CodeIgniter.php(520): CodeIgniter\CodeIgniter->runController(Object(App\Controllers\Pages))
 4 SYSTEMPATH\CodeIgniter.php(363): CodeIgniter\CodeIgniter->handleRequest(null, Object(Config\Cache), false)
 5 SYSTEMPATH\Boot.php(417): CodeIgniter\CodeIgniter->run()
 6 SYSTEMPATH\Boot.php(68): CodeIgniter\Boot::runCodeIgniter(Object(CodeIgniter\CodeIgniter))
 7 FCPATH\index.php(59): CodeIgniter\Boot::bootWeb(Object(Config\Paths))
 8 SYSTEMPATH\rewrite.php(44): require_once('C:\\Users\\jeborines\\Documents\\GitHub\\JC-Repo-TSA1\\TSA1\\public\\index.php')
