CRITICAL - 2026-09-18 12:25:29 --> ErrorException: Undefined array key "fullname"
[Method: GET, Route: customers]
in APPPATH\Views\customers.php on line 28.
 1 APPPATH\Views\customers.php(28): CodeIgniter\Debug\Exceptions->errorHandler(2, 'Undefined array key "fullname"', 'C:\\Users\\gary_\\Documents\\GitHub\\JC-repo-codeigniter4\\app\\Views\\customers.php', 28)
 2 SYSTEMPATH\View\View.php(240): include('C:\\Users\\gary_\\Documents\\GitHub\\JC-repo-codeigniter4\\app\\Views\\customers.php')
 3 SYSTEMPATH\View\View.php(243): CodeIgniter\View\View->CodeIgniter\View\{closure}()
 4 SYSTEMPATH\Common.php(1268): CodeIgniter\View\View->render('customers', [], true)
 5 APPPATH\Controllers\Customers.php(14): view('customers', [...])
 6 SYSTEMPATH\CodeIgniter.php(974): App\Controllers\Customers->index()
 7 SYSTEMPATH\CodeIgniter.php(520): CodeIgniter\CodeIgniter->runController(Object(App\Controllers\Customers))
 8 SYSTEMPATH\CodeIgniter.php(363): CodeIgniter\CodeIgniter->handleRequest(null, Object(Config\Cache), false)
 9 SYSTEMPATH\Boot.php(417): CodeIgniter\CodeIgniter->run()
10 SYSTEMPATH\Boot.php(68): CodeIgniter\Boot::runCodeIgniter(Object(CodeIgniter\CodeIgniter))
11 FCPATH\index.php(59): CodeIgniter\Boot::bootWeb(Object(Config\Paths))
12 SYSTEMPATH\rewrite.php(44): require_once('C:\\Users\\gary_\\Documents\\GitHub\\JC-repo-codeigniter4\\public\\index.php')
CRITICAL - 2026-09-18 12:26:02 --> ErrorException: Undefined array key "fullname"
[Method: GET, Route: users]
in APPPATH\Views\users.php on line 29.
 1 APPPATH\Views\users.php(29): CodeIgniter\Debug\Exceptions->errorHandler(2, 'Undefined array key "fullname"', 'C:\\Users\\gary_\\Documents\\GitHub\\JC-repo-codeigniter4\\app\\Views\\users.php', 29)
 2 SYSTEMPATH\View\View.php(240): include('C:\\Users\\gary_\\Documents\\GitHub\\JC-repo-codeigniter4\\app\\Views\\users.php')
 3 SYSTEMPATH\View\View.php(243): CodeIgniter\View\View->CodeIgniter\View\{closure}()
 4 SYSTEMPATH\Common.php(1268): CodeIgniter\View\View->render('users', [], true)
 5 APPPATH\Controllers\Users.php(14): view('users', [...])
 6 SYSTEMPATH\CodeIgniter.php(974): App\Controllers\Users->index()
 7 SYSTEMPATH\CodeIgniter.php(520): CodeIgniter\CodeIgniter->runController(Object(App\Controllers\Users))
 8 SYSTEMPATH\CodeIgniter.php(363): CodeIgniter\CodeIgniter->handleRequest(null, Object(Config\Cache), false)
 9 SYSTEMPATH\Boot.php(417): CodeIgniter\CodeIgniter->run()
10 SYSTEMPATH\Boot.php(68): CodeIgniter\Boot::runCodeIgniter(Object(CodeIgniter\CodeIgniter))
11 FCPATH\index.php(59): CodeIgniter\Boot::bootWeb(Object(Config\Paths))
12 SYSTEMPATH\rewrite.php(44): require_once('C:\\Users\\gary_\\Documents\\GitHub\\JC-repo-codeigniter4\\public\\index.php')
CRITICAL - 2026-09-18 12:26:19 --> ErrorException: Undefined array key "role"
[Method: GET, Route: users]
in APPPATH\Views\users.php on line 30.
 1 APPPATH\Views\users.php(30): CodeIgniter\Debug\Exceptions->errorHandler(2, 'Undefined array key "role"', 'C:\\Users\\gary_\\Documents\\GitHub\\JC-repo-codeigniter4\\app\\Views\\users.php', 30)
 2 SYSTEMPATH\View\View.php(240): include('C:\\Users\\gary_\\Documents\\GitHub\\JC-repo-codeigniter4\\app\\Views\\users.php')
 3 SYSTEMPATH\View\View.php(243): CodeIgniter\View\View->CodeIgniter\View\{closure}()
 4 SYSTEMPATH\Common.php(1268): CodeIgniter\View\View->render('users', [], true)
 5 APPPATH\Controllers\Users.php(14): view('users', [...])
 6 SYSTEMPATH\CodeIgniter.php(974): App\Controllers\Users->index()
 7 SYSTEMPATH\CodeIgniter.php(520): CodeIgniter\CodeIgniter->runController(Object(App\Controllers\Users))
 8 SYSTEMPATH\CodeIgniter.php(363): CodeIgniter\CodeIgniter->handleRequest(null, Object(Config\Cache), false)
 9 SYSTEMPATH\Boot.php(417): CodeIgniter\CodeIgniter->run()
10 SYSTEMPATH\Boot.php(68): CodeIgniter\Boot::runCodeIgniter(Object(CodeIgniter\CodeIgniter))
11 FCPATH\index.php(59): CodeIgniter\Boot::bootWeb(Object(Config\Paths))
12 SYSTEMPATH\rewrite.php(44): require_once('C:\\Users\\gary_\\Documents\\GitHub\\JC-repo-codeigniter4\\public\\index.php')
